app/market/page.tsx(67,5): error TS2322: Type '{ [x: string]: string | number; price: number; }[]' is not assignable to type '{ date: string; price: number; }[]'.
  Property 'date' is missing in type '{ [x: string]: string | number; price: number; }' but required in type '{ date: string; price: number; }'.
app/market/page.tsx(68,5): error TS2322: Type '{ [x: string]: string | number; price: number; }[]' is not assignable to type '{ month: string; price: number; }[]'.
  Property 'month' is missing in type '{ [x: string]: string | number; price: number; }' but required in type '{ month: string; price: number; }'.
app/market/page.tsx(69,5): error TS2322: Type '{ [x: string]: string | number; price: number; }[]' is not assignable to type '{ month: string; price: number; }[]'.
  Property 'month' is missing in type '{ [x: string]: string | number; price: number; }' but required in type '{ month: string; price: number; }'.
